mode: set
goexample/base/test/echo.go:18.58,20.13 2 1
goexample/base/test/echo.go:23.2,23.12 1 1
goexample/base/test/echo.go:20.13,22.3 1 1
goexample/base/test/word.go:5.34,8.22 2 1
goexample/base/test/word.go:14.2,14.25 1 1
goexample/base/test/word.go:19.2,19.13 1 1
goexample/base/test/word.go:8.22,9.26 1 1
goexample/base/test/word.go:9.26,11.4 1 1
goexample/base/test/word.go:14.25,15.46 1 1
goexample/base/test/word.go:15.46,17.4 1 1
